Packages:
    - OutputFolder: .
      Template: databases
      Ref: databases-v4.0.0
      VarFiles:
        - ../common-config.yml
        - package-config.yml
