# yaml-language-server: $schema=https://raw.githubusercontent.com/oslokommune/golden-path-boilerplate-schemas/refs/heads/main/schemas/databases-v4.0.0.schema.json
StackName: "my-db"

Serverless:
  Enable: true
