Packages:
    - OutputFolder: app-hello
      Template: app
      Ref: app-v9.0.0
      VarFiles:
        - config/common-config.yml
        - config/app-hello.yml
