Packages:
    - OutputFolder: app-hello
      Template: app
      Ref: app-v9.0.1
      VarFiles:
        - common-config.yml
        - config/app-hello.yml
