Packages:
    - OutputFolder: load-balancing-alb-main
      Template: load-balancing-alb
      Ref: load-balancing-alb-v3.4.0
      VarFiles:
        - _config/common-config.yml
        - _config/load-balancing-alb-main.yml
    - OutputFolder: databases
      Template: databases
      Ref: databases-v4.0.0
      VarFiles:
        - _config/common-config.yml
        - _config/databases.yml
